=== S1-claim-condition-dropped: mutated exit 1
    E   AssertionError: assert True is False
    E    +  where True = <function <lambda> at 0x760f57139590>(TranslateJob(video_id='v-1', instance_domain='peer.example', target_language='en', started_at=2000, attempts=1))
    E   AssertionError: assert True is False
    E    +  where True = <function <lambda> at 0x760f57139640>(TranslateJob(video_id='v-1', instance_domain='peer.example', target_language='en', started_at=2000, attempts=1))
    E   AssertionError: assert True is False
    E    +  where True = <function <lambda> at 0x760f571396f0>(TranslateJob(video_id='v-1', instance_domain='peer.example', target_language='en', started_at=2000, attempts=1))
    E   AssertionError: assert True is False
    E    +  where True = <function <lambda> at 0x760f571397a0>(TranslateJob(video_id='v-1', instance_domain='peer.example', target_language='en', started_at=2000, attempts=1))
    E   AssertionError: assert True is False
    E    +  where True = <function <lambda> at 0x760f57139850>(TranslateJob(video_id='v-1', instance_domain='peer.example', target_language='en', started_at=2000, attempts=1))
    E   AssertionError: assert True is False
    E    +  where True = <function <lambda> at 0x760f57139900>(TranslateJob(video_id='v-1', instance_domain='peer.example', target_language='en', started_at=2000, attempts=1))
    FAILED tests/active/test_subtitles.py::test_every_claim_write_after_an_instance_track_takeover_reports_the_claim_lost_and_leaves_the_row_byte_identical[running cues]
    FAILED tests/active/test_subtitles.py::test_every_claim_write_after_an_instance_track_takeover_reports_the_claim_lost_and_leaves_the_row_byte_identical[ready]
    FAILED tests/active/test_subtitles.py::test_every_claim_write_after_an_instance_track_takeover_reports_the_claim_lost_and_leaves_the_row_byte_identical[already_english]
    FAILED tests/active/test_subtitles.py::test_every_claim_write_after_an_instance_track_takeover_reports_the_claim_lost_and_leaves_the_row_byte_identical[failed]
    FAILED tests/active/test_subtitles.py::test_every_claim_write_after_an_instance_track_takeover_reports_the_claim_lost_and_leaves_the_row_byte_identical[requeue]
    FAILED tests/active/test_subtitles.py::test_every_claim_write_after_an_instance_track_takeover_reports_the_claim_lost_and_leaves_the_row_byte_identical[ready from instance]
    ======================= 6 failed, 11 deselected in 0.08s =======================
=== S1-claim-condition-dropped: restore exact True; restored exit 0 ======================= 6 passed, 11 deselected in 0.03s =======================
=== S2-instance-end-keeps-source: mutated exit 1
    E   AssertionError: assert {'video_id': ... 'ready', ...} == {'video_id': ... 'ready', ...}
    E     
    E     Omitting 13 identical items, use -vv to show
    E     Differing items:
    E     {'source': 'whisper'} != {'source': 'instance'}
    E     Use -v to get more diff
    FAILED tests/active/test_subtitles.py::test_ending_ready_from_the_instance_track_while_the_claim_holds_leaves_ready_instance_with_one_timestamp_and_the_job_columns_kept
    ======================= 1 failed, 16 deselected in 0.04s =======================
=== S2-instance-end-keeps-source: restore exact True; restored exit 0 ======================= 1 passed, 16 deselected in 0.02s =======================
=== S3-opener-no-mkdir: mutated exit 1
    E   sqlite3.OperationalError: unable to open database file
    FAILED tests/active/test_subtitles.py::test_open_subtitles_db_creates_a_missing_nested_directory_and_the_full_schema_in_wal
    ======================= 1 failed, 16 deselected in 0.04s =======================
=== S3-opener-no-mkdir: restore exact True; restored exit 0 ======================= 1 passed, 16 deselected in 0.02s =======================
=== S4-opener-no-migrate: mutated exit 1
    E   AssertionError: assert ['cues_json',...anguage', ...] == ['attempts', ...shed_at', ...]
    E     
    E     At index 0 diff: 'cues_json' != 'attempts'
    E     Right contains 6 more items, first extra item: 'source'
    E     Use -v to get more diff
    FAILED tests/active/test_subtitles.py::test_open_subtitles_db_turns_a_b1_file_into_the_full_schema_in_wal_and_keeps_its_old_cues
    ================== 1 failed, 2 passed, 14 deselected in 0.85s ==================
=== S4-opener-no-migrate: restore exact True; restored exit 0 ======================= 3 passed, 14 deselected in 0.83s =======================
=== S5-flock-after-open: mutated exit 1
    E   AssertionError: assert not True
    E    +  where True = exists()
    E    +    where exists = PosixPath('/tmp/pytest-of-enduser/pytest-269/test_the_worker_store_opener_r0/sub/subtitles.db').exists
    FAILED tests/active/test_subtitles.py::test_the_worker_store_opener_refuses_while_another_description_holds_the_flock_and_creates_nothing
    ======================= 1 failed, 16 deselected in 0.04s =======================
=== S5-flock-after-open: restore exact True; restored exit 0 ======================= 1 passed, 16 deselected in 0.02s =======================
=== S6-plain-opener-recovers: mutated exit 1
    E   AssertionError: assert ('queued', 1, None, None) == ('running', 1, None, None)
    E     
    E     At index 0 diff: 'queued' != 'running'
    E     Use -v to get more diff
    FAILED tests/active/test_subtitles.py::test_recovery_through_the_worker_store_opener_requeues_a_running_job_once_and_fails_it_when_found_running_a_second_time
    ======================= 1 failed, 16 deselected in 0.04s =======================
=== S6-plain-opener-recovers: restore exact True; restored exit 0 ======================= 1 passed, 16 deselected in 0.02s =======================
=== W1-lost-instance-end-ignored: mutated exit 1
    E   AssertionError: assert ['[translate-...peer.example'] == ['[translate-...peer.example']
    E     
    E     At index 0 diff: '[translate-worker] job ready from the instance track video_id=v-1 host=peer.example' != '[translate-worker] taken over by the instance track video_id=v-1 host=peer.example'
    E     Use -v to get more diff
    FAILED tests/active/test_translate_worker.py::test_an_instance_track_found_after_the_engine_took_the_row_over_writes_nothing_and_logs_the_takeover
    ======================= 1 failed, 67 deselected in 0.10s =======================
=== W1-lost-instance-end-ignored: restore exact True; restored exit 0 ======================= 1 passed, 67 deselected in 0.07s =======================
=== R1-closed-line-dropped: mutated exit 1
    E   AssertionError: assert [] == [(20, '[trans...eer.example')]
    E     
    E     Right contains one more item: (20, '[translate] cache closed, track not stored video_id=v-1 host=peer.example')
    E     Use -v to get more diff
    FAILED tests/active/test_internal_translate.py::test_a_closed_store_still_answers_an_instance_track_ready_and_logs_once_that_it_was_not_stored
    ====================== 1 failed, 121 deselected in 0.06s =======================
=== R1-closed-line-dropped: restore exact True; restored exit 0 ====================== 1 passed, 121 deselected in 0.04s =======================
=== R2-host-check-after-lookup: mutated exit 1
    E   sqlite3.ProgrammingError: Cannot operate on a closed database.
    E   sqlite3.ProgrammingError: Cannot operate on a closed database.
    FAILED tests/active/test_internal_translate.py::test_a_missing_host_is_refused_before_any_lookup[None]
    FAILED tests/active/test_internal_translate.py::test_a_missing_host_is_refused_before_any_lookup[empty]
    ====================== 2 failed, 120 deselected in 0.08s =======================
=== R2-host-check-after-lookup: restore exact True; restored exit 0 ====================== 2 passed, 120 deselected in 0.03s =======================
=== R3-threshold-dropped: mutated exit 1
    E   AssertionError: assert ({'video_id':...e, ...}, None) == (None, 'not in whitelist')
    E     
    E     At index 0 diff: {'video_id': 'v-1', 'video_uuid': 'u-1', 'instance_domain': 'peer.example', 'channel_id': None, 'channel_name': None, 'channel_url': None, 'account_name': None, 'account_url': None, 'title': 'title:v-1', 'description': None, 'embed_path': None, 'published_at': None, 'video_url
    E     Use -v to get more diff
    FAILED tests/active/test_internal_translate.py::test_a_video_not_in_the_whitelist_is_refused
    ====================== 1 failed, 121 deselected in 0.05s =======================
=== R3-threshold-dropped: restore exact True; restored exit 0 ====================== 1 passed, 121 deselected in 0.03s =======================
=== R4-deny-on-request-host-first: mutated exit 1
    E   AssertionError: assert (None, 'host denied') == (None, 'not in whitelist')
    E     
    E     At index 1 diff: 'host denied' != 'not in whitelist'
    E     Use -v to get more diff
    FAILED tests/active/test_internal_translate.py::test_an_actively_denied_host_is_refused_only_after_the_host_and_the_whitelist_checks
    ====================== 1 failed, 121 deselected in 0.05s =======================
=== R4-deny-on-request-host-first: restore exact True; restored exit 0 ====================== 1 passed, 121 deselected in 0.03s =======================
=== R5-row-keyed-on-request: mutated exit 1
    E   AssertionError: assert ('u-1', 'peer.example', None) == ('v-1', 'peer.example', None)
    E     
    E     At index 0 diff: 'u-1' != 'v-1'
    E     Use -v to get more diff
    FAILED tests/active/test_internal_translate.py::test_a_whitelisted_video_answers_its_row_and_no_refusal[uuid]
    ================= 1 failed, 1 passed, 120 deselected in 0.05s ==================
=== R5-row-keyed-on-request: restore exact True; restored exit 0 ====================== 2 passed, 120 deselected in 0.03s =======================
