=== host-check-after-lookup: mutated exit 1
    E   sqlite3.ProgrammingError: Cannot operate on a closed database.
    E   sqlite3.ProgrammingError: Cannot operate on a closed database.
    FAILED tests/tmp/test_54_translate_job_handle_phase4.py::test_a_missing_host_is_refused_before_any_lookup[None]
    FAILED tests/tmp/test_54_translate_job_handle_phase4.py::test_a_missing_host_is_refused_before_any_lookup[empty]
    ========================= 2 failed, 4 passed in 0.07s ==========================
=== host-check-after-lookup: restore exact True; restored exit 0 ============================== 6 passed in 0.04s ===============================
=== deny-on-request-host-first: mutated exit 1
    E   AssertionError: assert (None, 'host denied') == (None, 'not in whitelist')
    E     
    E     At index 1 diff: 'host denied' != 'not in whitelist'
    E     Use -v to get more diff
    FAILED tests/tmp/test_54_translate_job_handle_phase4.py::test_an_actively_denied_host_is_refused_only_after_the_host_and_the_whitelist_checks
    ========================= 1 failed, 5 passed in 0.05s ==========================
=== deny-on-request-host-first: restore exact True; restored exit 0 ============================== 6 passed in 0.04s ===============================
=== threshold-dropped: mutated exit 1
    E   AssertionError: assert ({'video_id':...e, ...}, None) == (None, 'not in whitelist')
    E     
    E     At index 0 diff: {'video_id': 'v-1', 'video_uuid': 'u-1', 'instance_domain': 'peer.example', 'channel_id': None, 'channel_name': None, 'channel_url': None, 'account_name': None, 'account_url': None, 'title': 'title:v-1', 'description': None, 'embed_path': None, 'published_at': None, 'video_url
    E     Use -v to get more diff
    FAILED tests/tmp/test_54_translate_job_handle_phase4.py::test_a_video_not_in_the_whitelist_is_refused
    ========================= 1 failed, 5 passed in 0.05s ==========================
=== threshold-dropped: restore exact True; restored exit 0 ============================== 6 passed in 0.04s ===============================
=== raw-domain-vs-denylist: mutated exit 1
    E   AssertionError: assert ({'video_id':...e, ...}, None) == (None, 'host denied')
    E     
    E     At index 0 diff: {'video_id': 'd-1', 'video_uuid': 'du-1', 'instance_domain': 'denied.example', 'channel_id': None, 'channel_name': None, 'channel_url': None, 'account_name': None, 'account_url': None, 'title': 'title:d-1', 'description': None, 'embed_path': None, 'published_at': None, 'video_
    E     Use -v to get more diff
    FAILED tests/tmp/test_54_translate_job_handle_phase4.py::test_an_actively_denied_host_is_refused_only_after_the_host_and_the_whitelist_checks
    ========================= 1 failed, 5 passed in 0.06s ==========================
=== raw-domain-vs-denylist: restore exact True; restored exit 0 ============================== 6 passed in 0.04s ===============================
