
recorded: tests/last_test_validation.json (exit 0)
wrote tests/last_test_output.txt
selected 12 of 66 test groups (54 unchanged):
  test_dislike_profile.py — changed
  test_engine_api_client.py — no record
  test_frontend_translate.py — changed
  test_internal_events.py — changed
  test_internal_translate.py — changed
  test_popular_videos.py — changed
  test_random_cache.py — changed
  test_search_fusion.py — no map entry
  test_server.py — changed
  test_server_config.py — changed
  test_similar.py — changed
  test_translate_worker.py — changed
  test_dislike_profile.py     9 passed                              42.9s
  test_engine_api_client.py   44 passed                             21.6s
  test_frontend_translate.py  63 passed                             27.8s
  test_internal_events.py     9 passed                               0.8s
  test_internal_translate.py  137 passed                             2.5s
  test_popular_videos.py      12 passed                              0.4s
  test_random_cache.py        28 passed                             56.8s
  test_search_fusion.py       10 passed                              2.8s
  test_server.py              155 passed                            74.5s
  test_server_config.py       34 passed                             13.6s
  test_similar.py             83 passed                             50.2s
  test_translate_worker.py    77 passed                            106.0s
  --------------------------
  total                       661 passed                           106.5s wall, 12 lanes

moved against the previous record:
       appeared  tests.active.test_engine_api_client::test_each_contract_case_parses_through_the_real_gateway_to_its_stated_answer_from_one_request_to_its_route[enqueue already_english without available]
       appeared  tests.active.test_engine_api_client::test_each_contract_case_parses_through_the_real_gateway_to_its_stated_answer_from_one_request_to_its_route[enqueue already_english]
       appeared  tests.active.test_engine_api_client::test_each_contract_case_parses_through_the_real_gateway_to_its_stated_answer_from_one_request_to_its_route[enqueue available a string]
       appeared  tests.active.test_engine_api_client::test_each_contract_case_parses_through_the_real_gateway_to_its_stated_answer_from_one_request_to_its_route[enqueue busy without available]
       appeared  tests.active.test_engine_api_client::test_each_contract_case_parses_through_the_real_gateway_to_its_stated_answer_from_one_request_to_its_route[enqueue busy]
       appeared  tests.active.test_engine_api_client::test_each_contract_case_parses_through_the_real_gateway_to_its_stated_answer_from_one_request_to_its_route[enqueue failed without available]
       appeared  tests.active.test_engine_api_client::test_each_contract_case_parses_through_the_real_gateway_to_its_stated_answer_from_one_request_to_its_route[enqueue failed]
       appeared  tests.active.test_engine_api_client::test_each_contract_case_parses_through_the_real_gateway_to_its_stated_answer_from_one_request_to_its_route[enqueue none without available]
       appeared  tests.active.test_engine_api_client::test_each_contract_case_parses_through_the_real_gateway_to_its_stated_answer_from_one_request_to_its_route[enqueue none]
       appeared  tests.active.test_engine_api_client::test_each_contract_case_parses_through_the_real_gateway_to_its_stated_answer_from_one_request_to_its_route[enqueue queued without available]
       appeared  tests.active.test_engine_api_client::test_each_contract_case_parses_through_the_real_gateway_to_its_stated_answer_from_one_request_to_its_route[enqueue queued]
       appeared  tests.active.test_engine_api_client::test_each_contract_case_parses_through_the_real_gateway_to_its_stated_answer_from_one_request_to_its_route[enqueue ready without available]
       appeared  tests.active.test_engine_api_client::test_each_contract_case_parses_through_the_real_gateway_to_its_stated_answer_from_one_request_to_its_route[enqueue ready]
       appeared  tests.active.test_engine_api_client::test_each_contract_case_parses_through_the_real_gateway_to_its_stated_answer_from_one_request_to_its_route[enqueue route missing 404]
       appeared  tests.active.test_engine_api_client::test_each_contract_case_parses_through_the_real_gateway_to_its_stated_answer_from_one_request_to_its_route[enqueue running without available]
       appeared  tests.active.test_engine_api_client::test_each_contract_case_parses_through_the_real_gateway_to_its_stated_answer_from_one_request_to_its_route[enqueue running]
       appeared  tests.active.test_engine_api_client::test_each_contract_case_parses_through_the_real_gateway_to_its_stated_answer_from_one_request_to_its_route[enqueue unknown state]
       appeared  tests.active.test_engine_api_client::test_each_contract_case_parses_through_the_real_gateway_to_its_stated_answer_from_one_request_to_its_route[enqueue video not found]
       appeared  tests.active.test_engine_api_client::test_each_contract_case_parses_through_the_real_gateway_to_its_stated_answer_from_one_request_to_its_route[state already_english without available]
       appeared  tests.active.test_engine_api_client::test_each_contract_case_parses_through_the_real_gateway_to_its_stated_answer_from_one_request_to_its_route[state already_english]
       appeared  tests.active.test_engine_api_client::test_each_contract_case_parses_through_the_real_gateway_to_its_stated_answer_from_one_request_to_its_route[state available a string]
       appeared  tests.active.test_engine_api_client::test_each_contract_case_parses_through_the_real_gateway_to_its_stated_answer_from_one_request_to_its_route[state busy]
       appeared  tests.active.test_engine_api_client::test_each_contract_case_parses_through_the_real_gateway_to_its_stated_answer_from_one_request_to_its_route[state cues not a list]
       appeared  tests.active.test_engine_api_client::test_each_contract_case_parses_through_the_real_gateway_to_its_stated_answer_from_one_request_to_its_route[state end true]
       appeared  tests.active.test_engine_api_client::test_each_contract_case_parses_through_the_real_gateway_to_its_stated_answer_from_one_request_to_its_route[state failed without available]
       appeared  tests.active.test_engine_api_client::test_each_contract_case_parses_through_the_real_gateway_to_its_stated_answer_from_one_request_to_its_route[state failed]
       appeared  tests.active.test_engine_api_client::test_each_contract_case_parses_through_the_real_gateway_to_its_stated_answer_from_one_request_to_its_route[state none without available]
       appeared  tests.active.test_engine_api_client::test_each_contract_case_parses_through_the_real_gateway_to_its_stated_answer_from_one_request_to_its_route[state none]
       appeared  tests.active.test_engine_api_client::test_each_contract_case_parses_through_the_real_gateway_to_its_stated_answer_from_one_request_to_its_route[state queued without available]
       appeared  tests.active.test_engine_api_client::test_each_contract_case_parses_through_the_real_gateway_to_its_stated_answer_from_one_request_to_its_route[state queued]
       appeared  tests.active.test_engine_api_client::test_each_contract_case_parses_through_the_real_gateway_to_its_stated_answer_from_one_request_to_its_route[state ready without available]
       appeared  tests.active.test_engine_api_client::test_each_contract_case_parses_through_the_real_gateway_to_its_stated_answer_from_one_request_to_its_route[state ready]
       appeared  tests.active.test_engine_api_client::test_each_contract_case_parses_through_the_real_gateway_to_its_stated_answer_from_one_request_to_its_route[state route missing 404]
       appeared  tests.active.test_engine_api_client::test_each_contract_case_parses_through_the_real_gateway_to_its_stated_answer_from_one_request_to_its_route[state running after 3]
       appeared  tests.active.test_engine_api_client::test_each_contract_case_parses_through_the_real_gateway_to_its_stated_answer_from_one_request_to_its_route[state running without available]
       appeared  tests.active.test_engine_api_client::test_each_contract_case_parses_through_the_real_gateway_to_its_stated_answer_from_one_request_to_its_route[state running]
       appeared  tests.active.test_engine_api_client::test_each_contract_case_parses_through_the_real_gateway_to_its_stated_answer_from_one_request_to_its_route[state start 1e999]
       appeared  tests.active.test_engine_api_client::test_each_contract_case_parses_through_the_real_gateway_to_its_stated_answer_from_one_request_to_its_route[state start true]
       appeared  tests.active.test_engine_api_client::test_each_contract_case_parses_through_the_real_gateway_to_its_stated_answer_from_one_request_to_its_route[state text a number]
       appeared  tests.active.test_engine_api_client::test_each_contract_case_parses_through_the_real_gateway_to_its_stated_answer_from_one_request_to_its_route[state total -1]
       appeared  tests.active.test_engine_api_client::test_each_contract_case_parses_through_the_real_gateway_to_its_stated_answer_from_one_request_to_its_route[state total true]
       appeared  tests.active.test_engine_api_client::test_each_contract_case_parses_through_the_real_gateway_to_its_stated_answer_from_one_request_to_its_route[state unknown state]
       appeared  tests.active.test_engine_api_client::test_each_contract_case_parses_through_the_real_gateway_to_its_stated_answer_from_one_request_to_its_route[state video not found]
       appeared  tests.active.test_engine_api_client::test_the_contract_fixture_states_exactly_the_gateway_state_sets_with_and_without_available_under_unique_names
       appeared  tests.active.test_frontend_translate::test_each_rejected_contract_case_served_as_a_200_throws_exactly_translate_response_was_malformed[enqueue available a string]
       appeared  tests.active.test_frontend_translate::test_each_rejected_contract_case_served_as_a_200_throws_exactly_translate_response_was_malformed[enqueue route missing 404]
       appeared  tests.active.test_frontend_translate::test_each_rejected_contract_case_served_as_a_200_throws_exactly_translate_response_was_malformed[enqueue unknown state]
       appeared  tests.active.test_frontend_translate::test_each_rejected_contract_case_served_as_a_200_throws_exactly_translate_response_was_malformed[state available a string]
       appeared  tests.active.test_frontend_translate::test_each_rejected_contract_case_served_as_a_200_throws_exactly_translate_response_was_malformed[state busy]
       appeared  tests.active.test_frontend_translate::test_each_rejected_contract_case_served_as_a_200_throws_exactly_translate_response_was_malformed[state cues not a list]
       appeared  tests.active.test_frontend_translate::test_each_rejected_contract_case_served_as_a_200_throws_exactly_translate_response_was_malformed[state end true]
       appeared  tests.active.test_frontend_translate::test_each_rejected_contract_case_served_as_a_200_throws_exactly_translate_response_was_malformed[state route missing 404]
       appeared  tests.active.test_frontend_translate::test_each_rejected_contract_case_served_as_a_200_throws_exactly_translate_response_was_malformed[state start 1e999]
       appeared  tests.active.test_frontend_translate::test_each_rejected_contract_case_served_as_a_200_throws_exactly_translate_response_was_malformed[state start true]
       appeared  tests.active.test_frontend_translate::test_each_rejected_contract_case_served_as_a_200_throws_exactly_translate_response_was_malformed[state text a number]
       appeared  tests.active.test_frontend_translate::test_each_rejected_contract_case_served_as_a_200_throws_exactly_translate_response_was_malformed[state total -1]
       appeared  tests.active.test_frontend_translate::test_each_rejected_contract_case_served_as_a_200_throws_exactly_translate_response_was_malformed[state total true]
       appeared  tests.active.test_frontend_translate::test_each_rejected_contract_case_served_as_a_200_throws_exactly_translate_response_was_malformed[state unknown state]
       appeared  tests.active.test_frontend_translate::test_each_valid_contract_case_comes_back_with_exactly_its_gateway_fields_ready_cues_sorted_by_start_then_end_running_in_given_order[enqueue already_english without available]
       appeared  tests.active.test_frontend_translate::test_each_valid_contract_case_comes_back_with_exactly_its_gateway_fields_ready_cues_sorted_by_start_then_end_running_in_given_order[enqueue already_english]
       appeared  tests.active.test_frontend_translate::test_each_valid_contract_case_comes_back_with_exactly_its_gateway_fields_ready_cues_sorted_by_start_then_end_running_in_given_order[enqueue busy without available]
       appeared  tests.active.test_frontend_translate::test_each_valid_contract_case_comes_back_with_exactly_its_gateway_fields_ready_cues_sorted_by_start_then_end_running_in_given_order[enqueue busy]
       appeared  tests.active.test_frontend_translate::test_each_valid_contract_case_comes_back_with_exactly_its_gateway_fields_ready_cues_sorted_by_start_then_end_running_in_given_order[enqueue failed without available]
       appeared  tests.active.test_frontend_translate::test_each_valid_contract_case_comes_back_with_exactly_its_gateway_fields_ready_cues_sorted_by_start_then_end_running_in_given_order[enqueue failed]
       appeared  tests.active.test_frontend_translate::test_each_valid_contract_case_comes_back_with_exactly_its_gateway_fields_ready_cues_sorted_by_start_then_end_running_in_given_order[enqueue none without available]
       appeared  tests.active.test_frontend_translate::test_each_valid_contract_case_comes_back_with_exactly_its_gateway_fields_ready_cues_sorted_by_start_then_end_running_in_given_order[enqueue none]
       appeared  tests.active.test_frontend_translate::test_each_valid_contract_case_comes_back_with_exactly_its_gateway_fields_ready_cues_sorted_by_start_then_end_running_in_given_order[enqueue queued without available]
       appeared  tests.active.test_frontend_translate::test_each_valid_contract_case_comes_back_with_exactly_its_gateway_fields_ready_cues_sorted_by_start_then_end_running_in_given_order[enqueue queued]
       appeared  tests.active.test_frontend_translate::test_each_valid_contract_case_comes_back_with_exactly_its_gateway_fields_ready_cues_sorted_by_start_then_end_running_in_given_order[enqueue ready without available]
       appeared  tests.active.test_frontend_translate::test_each_valid_contract_case_comes_back_with_exactly_its_gateway_fields_ready_cues_sorted_by_start_then_end_running_in_given_order[enqueue ready]
       appeared  tests.active.test_frontend_translate::test_each_valid_contract_case_comes_back_with_exactly_its_gateway_fields_ready_cues_sorted_by_start_then_end_running_in_given_order[enqueue running without available]
       appeared  tests.active.test_frontend_translate::test_each_valid_contract_case_comes_back_with_exactly_its_gateway_fields_ready_cues_sorted_by_start_then_end_running_in_given_order[enqueue running]
       appeared  tests.active.test_frontend_translate::test_each_valid_contract_case_comes_back_with_exactly_its_gateway_fields_ready_cues_sorted_by_start_then_end_running_in_given_order[enqueue video not found]
       appeared  tests.active.test_frontend_translate::test_each_valid_contract_case_comes_back_with_exactly_its_gateway_fields_ready_cues_sorted_by_start_then_end_running_in_given_order[state already_english without available]
       appeared  tests.active.test_frontend_translate::test_each_valid_contract_case_comes_back_with_exactly_its_gateway_fields_ready_cues_sorted_by_start_then_end_running_in_given_order[state already_english]
       appeared  tests.active.test_frontend_translate::test_each_valid_contract_case_comes_back_with_exactly_its_gateway_fields_ready_cues_sorted_by_start_then_end_running_in_given_order[state failed without available]
       appeared  tests.active.test_frontend_translate::test_each_valid_contract_case_comes_back_with_exactly_its_gateway_fields_ready_cues_sorted_by_start_then_end_running_in_given_order[state failed]
       appeared  tests.active.test_frontend_translate::test_each_valid_contract_case_comes_back_with_exactly_its_gateway_fields_ready_cues_sorted_by_start_then_end_running_in_given_order[state none without available]
       appeared  tests.active.test_frontend_translate::test_each_valid_contract_case_comes_back_with_exactly_its_gateway_fields_ready_cues_sorted_by_start_then_end_running_in_given_order[state none]
       appeared  tests.active.test_frontend_translate::test_each_valid_contract_case_comes_back_with_exactly_its_gateway_fields_ready_cues_sorted_by_start_then_end_running_in_given_order[state queued without available]
       appeared  tests.active.test_frontend_translate::test_each_valid_contract_case_comes_back_with_exactly_its_gateway_fields_ready_cues_sorted_by_start_then_end_running_in_given_order[state queued]
       appeared  tests.active.test_frontend_translate::test_each_valid_contract_case_comes_back_with_exactly_its_gateway_fields_ready_cues_sorted_by_start_then_end_running_in_given_order[state ready without available]
       appeared  tests.active.test_frontend_translate::test_each_valid_contract_case_comes_back_with_exactly_its_gateway_fields_ready_cues_sorted_by_start_then_end_running_in_given_order[state ready]
       appeared  tests.active.test_frontend_translate::test_each_valid_contract_case_comes_back_with_exactly_its_gateway_fields_ready_cues_sorted_by_start_then_end_running_in_given_order[state running after 3]
       appeared  tests.active.test_frontend_translate::test_each_valid_contract_case_comes_back_with_exactly_its_gateway_fields_ready_cues_sorted_by_start_then_end_running_in_given_order[state running without available]
       appeared  tests.active.test_frontend_translate::test_each_valid_contract_case_comes_back_with_exactly_its_gateway_fields_ready_cues_sorted_by_start_then_end_running_in_given_order[state running]
       appeared  tests.active.test_frontend_translate::test_each_valid_contract_case_comes_back_with_exactly_its_gateway_fields_ready_cues_sorted_by_start_then_end_running_in_given_order[state video not found]
       appeared  tests.active.test_internal_translate::test_each_route_state_driven_through_the_real_handler_answers_a_200_with_its_contract_cases_keys_and_json_types_cues_included[enqueue already_english]
       appeared  tests.active.test_internal_translate::test_each_route_state_driven_through_the_real_handler_answers_a_200_with_its_contract_cases_keys_and_json_types_cues_included[enqueue busy]
       appeared  tests.active.test_internal_translate::test_each_route_state_driven_through_the_real_handler_answers_a_200_with_its_contract_cases_keys_and_json_types_cues_included[enqueue failed]
       appeared  tests.active.test_internal_translate::test_each_route_state_driven_through_the_real_handler_answers_a_200_with_its_contract_cases_keys_and_json_types_cues_included[enqueue none]
       appeared  tests.active.test_internal_translate::test_each_route_state_driven_through_the_real_handler_answers_a_200_with_its_contract_cases_keys_and_json_types_cues_included[enqueue queued]
       appeared  tests.active.test_internal_translate::test_each_route_state_driven_through_the_real_handler_answers_a_200_with_its_contract_cases_keys_and_json_types_cues_included[enqueue ready]
       appeared  tests.active.test_internal_translate::test_each_route_state_driven_through_the_real_handler_answers_a_200_with_its_contract_cases_keys_and_json_types_cues_included[enqueue running]
       appeared  tests.active.test_internal_translate::test_each_route_state_driven_through_the_real_handler_answers_a_200_with_its_contract_cases_keys_and_json_types_cues_included[state already_english]
       appeared  tests.active.test_internal_translate::test_each_route_state_driven_through_the_real_handler_answers_a_200_with_its_contract_cases_keys_and_json_types_cues_included[state failed]
       appeared  tests.active.test_internal_translate::test_each_route_state_driven_through_the_real_handler_answers_a_200_with_its_contract_cases_keys_and_json_types_cues_included[state none]
       appeared  tests.active.test_internal_translate::test_each_route_state_driven_through_the_real_handler_answers_a_200_with_its_contract_cases_keys_and_json_types_cues_included[state queued]
       appeared  tests.active.test_internal_translate::test_each_route_state_driven_through_the_real_handler_answers_a_200_with_its_contract_cases_keys_and_json_types_cues_included[state ready]
       appeared  tests.active.test_internal_translate::test_each_route_state_driven_through_the_real_handler_answers_a_200_with_its_contract_cases_keys_and_json_types_cues_included[state running]
       appeared  tests.active.test_internal_translate::test_the_engine_driver_table_has_exactly_the_contract_fixtures_route_states
       appeared  tests.active.test_internal_translate::test_the_engine_fetch_budget_and_socket_timeout_fit_inside_the_client_translate_timeout_which_fits_inside_the_deploy_drain
       appeared  tests.active.test_server_config::test_the_heartbeat_freshness_window_is_derived_from_the_interval_in_server_config_and_both_consumers_import_it
