============================= test session starts ==============================
platform linux -- Python 3.14.7, pytest-9.1.1, pluggy-1.6.0
rootdir: /home/enduser/code/PeerTube-browser
configfile: pyproject.toml
plugins: anyio-4.15.1
collected 4 items / 3 deselected / 1 selected

tests/active/test_ann.py F                                               [100%]

=================================== FAILURES ===================================
_ test_after_a_host_purge_both_readers_drop_its_videos_and_name_the_rest_by_ann_id _

stale = {'dbs': {'base': PosixPath('/tmp/pytest-of-enduser/pytest-9388/stale_ann_index0/base.db'), 'A': PosixPath('/tmp/pytest..., ...], 'index_scores': [1.0, 0.9659258127212524, 0.8660253882408142, 0.7071067690849304, 0.5, 0.258819043636322, ...]}

    def test_after_a_host_purge_both_readers_drop_its_videos_and_name_the_rest_by_ann_id(stale):
        """Hits whose rows a host purge removed are dropped, not substituted, and the rest are named by their ann_id."""
        # control: purge.example videos are hits of the index both readers consult, and the purge removed their rows.
        assert {host for _, host in stale["index"]} == {KEEP, PURGE}
        assert _embedding_rows(stale["dbs"]["B"], "instance_domain = ?", (PURGE,)) == []
        read = stale["reads"]["B"]
    
>       assert _similar_keys(read) == _keys(KEPT_ORDER[1:])
E       AssertionError: assert [('v4', 'keep...xample'), ...] == [('v4', 'keep...xample'), ...]
E         
E         At index 3 diff: ('v2', 'keep.example') != ('v5', 'keep.example')
E         Left contains 43 more items, first extra item: ('v6', 'keep.example')
E         Use -v to get more diff

tests/active/test_ann.py:200: AssertionError
--------------- generated xml file: /tmp/tmpu9_qtdv0/report.xml ----------------
=========================== short test summary info ============================
FAILED tests/active/test_ann.py::test_after_a_host_purge_both_readers_drop_its_videos_and_name_the_rest_by_ann_id
======================= 1 failed, 3 deselected in 0.26s ========================
