============================= test session starts ==============================
platform linux -- Python 3.14.7, pytest-9.1.1, pluggy-1.6.0
rootdir: /home/enduser/code/PeerTube-browser
configfile: pyproject.toml
plugins: anyio-4.15.1
collected 14 items / 13 deselected / 1 selected

tests/active/test_precompute_similar_ann.py F                            [100%]

=================================== FAILURES ===================================
_ test_full_mode_lists_each_sources_hand_computed_neighbours_by_ann_id_and_never_the_source _

source = PosixPath('/tmp/pytest-of-enduser/pytest-9392/similar_refresh0')
tmp_path = PosixPath('/tmp/pytest-of-enduser/pytest-9392/test_full_mode_lists_each_sour0')

    def test_full_mode_lists_each_sources_hand_computed_neighbours_by_ann_id_and_never_the_source(source: Path, tmp_path: Path) -> None:
        """With no mode flag, `--top-k 2` over a fresh `--out` gives each of v1-v8 exactly two neighbours ranked 1, 2, none of them itself: its hand-computed top two (v3 and v7 by tied neighbour set, host and score)."""
        out_path = tmp_path / "similarity-cache.db"
    
        result = _run_job(source, out_path, "--cpu", "--top-k", "2")
    
        assert result.returncode == 0, result.stderr
        assert "mode=full" in result.stderr, result.stderr
        for rowid in VECTORS:
            entries = _read(out_path, f"v{rowid}")
            assert len(entries) == 2, (rowid, entries)  # two resolved neighbours, so the self check below is not vacuous
>           assert (f"v{rowid}", DOMAIN) not in {(entry["video_id"], entry["instance_domain"]) for entry in entries}, (rowid, entries)
E           AssertionError: (1, [{'video_id': 'v1', 'instance_domain': 'live.example', 'score': 1.0, 'rank': 1}, {'video_id': 'v2', 'instance_domain': 'live.example', 'score': 0.800000011920929, 'rank': 2}])
E           assert ('v1', 'live.example') not in {('v1', 'live.example'), ('v2', 'live.example')}

tests/active/test_precompute_similar_ann.py:280: AssertionError
--------------- generated xml file: /tmp/tmpr06ejq00/report.xml ----------------
=========================== short test summary info ============================
FAILED tests/active/test_precompute_similar_ann.py::test_full_mode_lists_each_sources_hand_computed_neighbours_by_ann_id_and_never_the_source
======================= 1 failed, 13 deselected in 0.49s =======================
