============================= test session starts ==============================
platform linux -- Python 3.14.7, pytest-9.1.1, pluggy-1.6.0
rootdir: /home/enduser/code/PeerTube-browser
configfile: pyproject.toml
plugins: anyio-4.15.1
collected 28 items / 25 deselected / 3 selected

tests/active/test_random_cache.py .F.                                    [100%]

=================================== FAILURES ===================================
_ test_a_missing_tableless_or_empty_cache_is_not_usable_and_logs_which[no_table] _

tmp_path = PosixPath('/tmp/pytest-of-enduser/pytest-9400/test_a_missing_tableless_or_em1')
caplog = <_pytest.logging.LogCaptureFixture object at 0x772ad3f6a0d0>
state = 'no_table'

    @pytest.mark.parametrize("state", ["missing", "no_table", "empty"])
    def test_a_missing_tableless_or_empty_cache_is_not_usable_and_logs_which(tmp_path: Path, caplog: pytest.LogCaptureFixture, state: str) -> None:
        """`open_random_cache_if_usable` gives None for a missing file, an old-format file holding only `random_rowids`, and an empty table, and logs `reason=<state>` for each, so an old file is told apart from an empty one; a missing file is not created."""
        path = tmp_path / "random-cache.db"
        if state == "no_table":
            _seed_old_cache(path)
        elif state == "empty":
            _seed_cache(path, [])
        usable_path = tmp_path / "usable" / "random-cache.db"
        _seed_cache(usable_path, SEEDED_ROWS)
        caplog.set_level(logging.INFO)
    
        usable = random_cache.open_random_cache_if_usable(usable_path)
        opened = random_cache.open_random_cache_if_usable(path)
    
        # Control: the same opener gives a handle on a 3-row cache in this run, so the None below is its verdict on this state.
        assert usable is not None
        usable.close()
        assert opened is None
        # None alone cannot tell an old random_rowids file from an empty random_ann_ids one; the logged reason can.
>       assert f"random cache unusable path={path} reason={state}" in caplog.messages, caplog.messages
E       AssertionError: ['random cache unusable path=/tmp/pytest-of-enduser/pytest-9400/test_a_missing_tableless_or_em1/random-cache.db reason=empty']
E       assert 'random cache unusable path=/tmp/pytest-of-enduser/pytest-9400/test_a_missing_tableless_or_em1/random-cache.db reason=no_table' in ['random cache unusable path=/tmp/pytest-of-enduser/pytest-9400/test_a_missing_tableless_or_em1/random-cache.db reason=empty']
E        +  where ['random cache unusable path=/tmp/pytest-of-enduser/pytest-9400/test_a_missing_tableless_or_em1/random-cache.db reason=empty'] = <_pytest.logging.LogCaptureFixture object at 0x772ad3f6a0d0>.messages

tests/active/test_random_cache.py:692: AssertionError
------------------------------ Captured log call -------------------------------
INFO     root:random_cache.py:302 random cache unusable path=/tmp/pytest-of-enduser/pytest-9400/test_a_missing_tableless_or_em1/random-cache.db reason=empty
--------------- generated xml file: /tmp/tmpzd7yafdu/report.xml ----------------
=========================== short test summary info ============================
FAILED tests/active/test_random_cache.py::test_a_missing_tableless_or_empty_cache_is_not_usable_and_logs_which[no_table]
================== 1 failed, 2 passed, 25 deselected in 0.05s ==================
