============================= test session starts ==============================
platform linux -- Python 3.14.7, pytest-9.1.1, pluggy-1.6.0
rootdir: /home/enduser/code/PeerTube-browser
configfile: pyproject.toml
plugins: anyio-4.15.1
collected 5 items / 4 deselected / 1 selected

tests/active/test_embedding_space.py F                                   [100%]

=================================== FAILURES ===================================
_____ test_a_model_mismatch_is_refused_by_the_model_check_before_id_source _____

built = PosixPath('/tmp/pytest-of-enduser/pytest-9416/test_a_model_mismatch_is_refus0/index.faiss')

    def test_a_model_mismatch_is_refused_by_the_model_check_before_id_source(built: Path) -> None:
        """A model mismatch is refused by the model check, which runs ahead of the id-source check."""
        _rewrite(built, {**_meta(built), "id_source": "video_embeddings.rowid"})
    
        with pytest.raises(RuntimeError) as refused:
            assert_index_matches_embeddings(built, INDEX, DIM, "other-model")
    
        # Probed against the function before the id-source check: this message names other-model and build-ann-index.py, never the id source.
>       assert "other-model" in str(refused.value), str(refused.value)
E       AssertionError: Index ids come from video_embeddings.rowid but readers resolve video_embeddings.ann_id. Rebuild the index with build-ann-index.py.
E       assert 'other-model' in 'Index ids come from video_embeddings.rowid but readers resolve video_embeddings.ann_id. Rebuild the index with build-ann-index.py.'
E        +  where 'Index ids come from video_embeddings.rowid but readers resolve video_embeddings.ann_id. Rebuild the index with build-ann-index.py.' = str(RuntimeError('Index ids come from video_embeddings.rowid but readers resolve video_embeddings.ann_id. Rebuild the index with build-ann-index.py.'))
E        +    where RuntimeError('Index ids come from video_embeddings.rowid but readers resolve video_embeddings.ann_id. Rebuild the index with build-ann-index.py.') = <ExceptionInfo RuntimeError('Index ids come from video_embeddings.rowid but readers resolve video_embeddings.ann_id. Rebuild the index with build-ann-index.py.') tblen=2>.value

tests/active/test_embedding_space.py:122: AssertionError
--------------- generated xml file: /tmp/tmpjchyoi1j/report.xml ----------------
=========================== short test summary info ============================
FAILED tests/active/test_embedding_space.py::test_a_model_mismatch_is_refused_by_the_model_check_before_id_source
======================= 1 failed, 4 deselected in 0.19s ========================
